make: Entering directory '/home/sina/agentic-verification/tests'
rm -f results.xml
/usr/bin/iverilog -o sim_build/sim.vvp -s fifo -g2012 -f sim_build/cmds.f  /home/sina/agentic-verification/src/fifo_buggy.v /home/sina/agentic-verification/tests/dump.v
rm -f results.xml
COCOTB_TEST_MODULES=test_fifo COCOTB_TESTCASE=  COCOTB_TOPLEVEL=fifo TOPLEVEL_LANG=verilog       \
	 /usr/bin/vvp -m /home/sina/agentic-verification/venv/lib/python3.12/site-packages/cocotb/libs/libcocotbvpi_icarus.so   sim_build/sim.vvp   
     -.--ns INFO     gpi                                ../gpi/GpiCommon.cpp:242  in gpi_load_users                  Loaded entry library: '/usr/lib/x86_64-linux-gnu/libpython3.12.so.1.0'
     -.--ns INFO     gpi                                ../gpi/GpiCommon.cpp:233  in gpi_load_users                  Running entry func 'initialize' from loaded library '/home/sina/agentic-verification/venv/lib/python3.12/site-packages/cocotb/simulator.cpython-312-x86_64-linux-gnu.so'
     -.--ns INFO     pygpi                              ..ib/pygpi/embed.cpp:114  in initialize                      Using Python 3.12.12 interpreter at /home/sina/agentic-verification/venv/bin/python3
     -.--ns INFO     gpi                                ../gpi/GpiCommon.cpp:74   in gpi_print_registered_impl       GPI: VPI support registered
     0.00ns INFO     cocotb.initialize                  Seeding Python random module with 1788726008
     0.00ns INFO     cocotb.initialize                  Initialized cocotb v2.1.0 from /home/sina/agentic-verification/venv/lib/python3.12/site-packages/cocotb
     0.00ns INFO     cocotb.initialize                  Running on Icarus Verilog version 12.0 (stable)
     0.00ns INFO     cocotb.regression                  Running tests
     0.00ns INFO     cocotb.regression                  running test_fifo.comprehensive_fifo_test (1/1)
     0.00ns WARNING  py.warnings                        /home/sina/agentic-verification/tests/test_fifo.py:8: DeprecationWarning: The 'units' argument has been renamed to 'unit'.
                                                          cocotb.start_soon(Clock(dut.clk, 10, units="ns").start())
    20.00ns WARNING  cocotb.regression                  test_fifo.comprehensive_fifo_test failed
                                                        Traceback (most recent call last):
                                                          File "/home/sina/agentic-verification/tests/test_fifo.py", line 23, in comprehensive_fifo_test
                                                            assert dut.empty.value == 1, f"Expected empty=1 after reset, got {dut.empty.value}"
                                                        AssertionError: Expected empty=1 after reset, got 0
                                                        assert Logic('0') == 1
                                                         +  where Logic('0') = LogicObject(fifo.empty).value
                                                         +    where LogicObject(fifo.empty) = HierarchyObject(fifo with definition fifo (at /home/sina/agentic-verification/src/fifo_buggy.v)).empty
    20.00ns INFO     cocotb.regression                  *******************************************************************************************
                                                        ** TEST                               STATUS  SIM TIME (ns)  REAL TIME (s)  RATIO (ns/s) **
                                                        *******************************************************************************************
                                                        ** test_fifo.comprehensive_fifo_test   FAIL          20.00           0.00      26473.76  **
                                                        *******************************************************************************************
                                                        ** TESTS=1 PASS=0 FAIL=1 SKIP=0                      20.00           0.00      12753.13  **
                                                        *******************************************************************************************
make: Leaving directory '/home/sina/agentic-verification/tests'
/home/sina/agentic-verification/venv/lib/python3.12/site-packages/cocotb_tools/makefiles/simulators/Makefile.icarus:68: Using MODULE is deprecated, please use COCOTB_TEST_MODULES instead.
make: *** [/home/sina/agentic-verification/venv/lib/python3.12/site-packages/cocotb_tools/makefiles/simulators/Makefile.icarus:69: results.xml] Error 1
